client/src/components/SmartSuggestions.tsx(106,19): error TS2345: Argument of type '{ id: number; restaurantId: number; name: string; price: number; category: string; description: string; image: string; isVeg: true; isPureVeg: false; type: string; }' is not assignable to parameter of type '{ id: number; name: string; image: string; restaurantId: number; description: string; price: number; category: string; isVeg: boolean; isPureVeg: boolean; type: string; cuisineType: string; }'.
  Property 'cuisineType' is missing in type '{ id: number; restaurantId: number; name: string; price: number; category: string; description: string; image: string; isVeg: true; isPureVeg: false; type: string; }' but required in type '{ id: number; name: string; image: string; restaurantId: number; description: string; price: number; category: string; isVeg: boolean; isPureVeg: boolean; type: string; cuisineType: string; }'.
